// Jest Snapshot v1, https://goo.gl/fbAQLP

exports[`Pruebas en GiftItem debe hacer match con el snapshot 1`] = `
<div>
  <div
    class="card"
  >
    <img
      alt="Mariano"
      src="http://www.google.com/a.jpg"
    />
    <p>
      Mariano
    </p>
  </div>
</div>
`;
